capturing 90s on Command|8:Command|8 MIDI 1 24:0 ...
note_on n=0 v=71                 -> ButtonEvent(note=0, category='note_0', subid=7, pressed=True)
note_on n=0 v=7                  -> ButtonEvent(note=0, category='note_0', subid=7, pressed=False)
note_on n=8 v=77                 -> ButtonEvent(note=8, category='note_8', subid=13, pressed=True)
note_on n=8 v=13                 -> ButtonEvent(note=8, category='note_8', subid=13, pressed=False)
note_on n=7 v=77                 -> ButtonEvent(note=7, category='note_7', subid=13, pressed=True)
note_on n=7 v=13                 -> ButtonEvent(note=7, category='note_7', subid=13, pressed=False)
note_on n=6 v=77                 -> ButtonEvent(note=6, category='note_6', subid=13, pressed=True)
note_on n=6 v=13                 -> ButtonEvent(note=6, category='note_6', subid=13, pressed=False)
note_on n=6 v=77                 -> ButtonEvent(note=6, category='note_6', subid=13, pressed=True)
note_on n=6 v=13                 -> ButtonEvent(note=6, category='note_6', subid=13, pressed=False)
note_on n=5 v=77                 -> FaderTouchEvent(fader=5, touched=True)
note_on n=5 v=13                 -> FaderTouchEvent(fader=5, touched=False)
note_on n=1 v=77                 -> ButtonEvent(note=1, category='select_green', subid=13, pressed=True)
note_on n=1 v=13                 -> ButtonEvent(note=1, category='select_green', subid=13, pressed=False)
note_on n=0 v=77                 -> ButtonEvent(note=0, category='note_0', subid=13, pressed=True)
note_on n=0 v=13                 -> ButtonEvent(note=0, category='note_0', subid=13, pressed=False)
note_on n=3 v=64                 -> ButtonEvent(note=3, category='mute', subid=0, pressed=True)
note_on n=3 v=0                  -> ButtonEvent(note=3, category='mute', subid=0, pressed=False)
note_on n=3 v=65                 -> ButtonEvent(note=3, category='mute', subid=1, pressed=True)
note_on n=3 v=1                  -> ButtonEvent(note=3, category='mute', subid=1, pressed=False)
note_on n=3 v=66                 -> ButtonEvent(note=3, category='mute', subid=2, pressed=True)
note_on n=3 v=2                  -> ButtonEvent(note=3, category='mute', subid=2, pressed=False)
note_on n=3 v=67                 -> ButtonEvent(note=3, category='mute', subid=3, pressed=True)
note_on n=3 v=3                  -> ButtonEvent(note=3, category='mute', subid=3, pressed=False)
note_on n=3 v=69                 -> ButtonEvent(note=3, category='mute', subid=5, pressed=True)
note_on n=3 v=5                  -> ButtonEvent(note=3, category='mute', subid=5, pressed=False)
note_on n=3 v=70                 -> ButtonEvent(note=3, category='mute', subid=6, pressed=True)
note_on n=3 v=6                  -> ButtonEvent(note=3, category='mute', subid=6, pressed=False)
note_on n=3 v=71                 -> ButtonEvent(note=3, category='mute', subid=7, pressed=True)
note_on n=3 v=7                  -> ButtonEvent(note=3, category='mute', subid=7, pressed=False)
note_on n=2 v=64                 -> ButtonEvent(note=2, category='solo', subid=0, pressed=True)
note_on n=2 v=0                  -> ButtonEvent(note=2, category='solo', subid=0, pressed=False)
note_on n=2 v=65                 -> ButtonEvent(note=2, category='solo', subid=1, pressed=True)
note_on n=2 v=1                  -> ButtonEvent(note=2, category='solo', subid=1, pressed=False)
note_on n=2 v=66                 -> ButtonEvent(note=2, category='solo', subid=2, pressed=True)
note_on n=2 v=2                  -> ButtonEvent(note=2, category='solo', subid=2, pressed=False)
note_on n=2 v=67                 -> ButtonEvent(note=2, category='solo', subid=3, pressed=True)
note_on n=2 v=3                  -> ButtonEvent(note=2, category='solo', subid=3, pressed=False)
note_on n=2 v=68                 -> ButtonEvent(note=2, category='solo', subid=4, pressed=True)
note_on n=2 v=4                  -> ButtonEvent(note=2, category='solo', subid=4, pressed=False)
note_on n=2 v=69                 -> ButtonEvent(note=2, category='solo', subid=5, pressed=True)
note_on n=2 v=5                  -> ButtonEvent(note=2, category='solo', subid=5, pressed=False)
note_on n=2 v=70                 -> ButtonEvent(note=2, category='solo', subid=6, pressed=True)
note_on n=2 v=6                  -> ButtonEvent(note=2, category='solo', subid=6, pressed=False)
note_on n=2 v=71                 -> ButtonEvent(note=2, category='solo', subid=7, pressed=True)
note_on n=2 v=7                  -> ButtonEvent(note=2, category='solo', subid=7, pressed=False)
note_on n=0 v=64                 -> ButtonEvent(note=0, category='note_0', subid=0, pressed=True)
note_on n=0 v=0                  -> ButtonEvent(note=0, category='note_0', subid=0, pressed=False)
note_on n=0 v=65                 -> ButtonEvent(note=0, category='note_0', subid=1, pressed=True)
note_on n=0 v=1                  -> ButtonEvent(note=0, category='note_0', subid=1, pressed=False)
note_on n=0 v=66                 -> ButtonEvent(note=0, category='note_0', subid=2, pressed=True)
note_on n=0 v=2                  -> ButtonEvent(note=0, category='note_0', subid=2, pressed=False)
note_on n=0 v=67                 -> ButtonEvent(note=0, category='note_0', subid=3, pressed=True)
note_on n=0 v=3                  -> ButtonEvent(note=0, category='note_0', subid=3, pressed=False)
note_on n=0 v=68                 -> ButtonEvent(note=0, category='note_0', subid=4, pressed=True)
note_on n=0 v=4                  -> ButtonEvent(note=0, category='note_0', subid=4, pressed=False)
note_on n=0 v=69                 -> ButtonEvent(note=0, category='note_0', subid=5, pressed=True)
note_on n=0 v=5                  -> ButtonEvent(note=0, category='note_0', subid=5, pressed=False)
note_on n=0 v=70                 -> ButtonEvent(note=0, category='note_0', subid=6, pressed=True)
note_on n=0 v=6                  -> ButtonEvent(note=0, category='note_0', subid=6, pressed=False)
note_on n=0 v=71                 -> ButtonEvent(note=0, category='note_0', subid=7, pressed=True)
note_on n=0 v=7                  -> ButtonEvent(note=0, category='note_0', subid=7, pressed=False)
note_on n=7 v=78                 -> ButtonEvent(note=7, category='note_7', subid=14, pressed=True)
note_on n=7 v=14                 -> ButtonEvent(note=7, category='note_7', subid=14, pressed=False)
note_on n=8 v=78                 -> ButtonEvent(note=8, category='note_8', subid=14, pressed=True)
note_on n=8 v=14                 -> ButtonEvent(note=8, category='note_8', subid=14, pressed=False)
note_on n=9 v=78                 -> ButtonEvent(note=9, category='note_9', subid=14, pressed=True)
note_on n=9 v=14                 -> ButtonEvent(note=9, category='note_9', subid=14, pressed=False)
note_on n=10 v=78                -> ButtonEvent(note=10, category='note_10', subid=14, pressed=True)
note_on n=10 v=14                -> ButtonEvent(note=10, category='note_10', subid=14, pressed=False)
note_on n=11 v=78                -> ButtonEvent(note=11, category='note_11', subid=14, pressed=True)
note_on n=11 v=14                -> ButtonEvent(note=11, category='note_11', subid=14, pressed=False)
note_on n=1 v=77                 -> ButtonEvent(note=1, category='select_green', subid=13, pressed=True)
note_on n=1 v=13                 -> ButtonEvent(note=1, category='select_green', subid=13, pressed=False)
note_on n=0 v=77                 -> ButtonEvent(note=0, category='note_0', subid=13, pressed=True)
note_on n=0 v=13                 -> ButtonEvent(note=0, category='note_0', subid=13, pressed=False)
note_on n=0 v=76                 -> ButtonEvent(note=0, category='note_0', subid=12, pressed=True)
note_on n=0 v=12                 -> ButtonEvent(note=0, category='note_0', subid=12, pressed=False)
note_on n=3 v=76                 -> ButtonEvent(note=3, category='mute', subid=12, pressed=True)
note_on n=3 v=12                 -> ButtonEvent(note=3, category='mute', subid=12, pressed=False)
note_on n=4 v=76                 -> ButtonEvent(note=4, category='select_red', subid=12, pressed=True)
note_on n=4 v=12                 -> ButtonEvent(note=4, category='select_red', subid=12, pressed=False)
note_on n=1 v=76                 -> ButtonEvent(note=1, category='select_green', subid=12, pressed=True)
note_on n=1 v=12                 -> ButtonEvent(note=1, category='select_green', subid=12, pressed=False)
note_on n=2 v=77                 -> ButtonEvent(note=2, category='solo', subid=13, pressed=True)
note_on n=2 v=13                 -> ButtonEvent(note=2, category='solo', subid=13, pressed=False)
note_on n=3 v=77                 -> ButtonEvent(note=3, category='mute', subid=13, pressed=True)
note_on n=3 v=13                 -> ButtonEvent(note=3, category='mute', subid=13, pressed=False)
note_on n=4 v=77                 -> ButtonEvent(note=4, category='select_red', subid=13, pressed=True)
note_on n=4 v=13                 -> ButtonEvent(note=4, category='select_red', subid=13, pressed=False)
note_on n=7 v=77                 -> ButtonEvent(note=7, category='note_7', subid=13, pressed=True)
note_on n=7 v=13                 -> ButtonEvent(note=7, category='note_7', subid=13, pressed=False)
note_on n=8 v=77                 -> ButtonEvent(note=8, category='note_8', subid=13, pressed=True)
note_on n=8 v=13                 -> ButtonEvent(note=8, category='note_8', subid=13, pressed=False)
note_on n=5 v=77                 -> FaderTouchEvent(fader=5, touched=True)
note_on n=5 v=13                 -> FaderTouchEvent(fader=5, touched=False)
note_on n=6 v=77                 -> ButtonEvent(note=6, category='note_6', subid=13, pressed=True)
note_on n=6 v=13                 -> ButtonEvent(note=6, category='note_6', subid=13, pressed=False)
note_on n=0 v=78                 -> ButtonEvent(note=0, category='note_0', subid=14, pressed=True)
note_on n=0 v=14                 -> ButtonEvent(note=0, category='note_0', subid=14, pressed=False)
note_on n=1 v=78                 -> ButtonEvent(note=1, category='select_green', subid=14, pressed=True)
note_on n=1 v=14                 -> ButtonEvent(note=1, category='select_green', subid=14, pressed=False)
note_on n=2 v=78                 -> ButtonEvent(note=2, category='solo', subid=14, pressed=True)
note_on n=2 v=14                 -> ButtonEvent(note=2, category='solo', subid=14, pressed=False)
note_on n=3 v=78                 -> ButtonEvent(note=3, category='mute', subid=14, pressed=True)
note_on n=3 v=14                 -> ButtonEvent(note=3, category='mute', subid=14, pressed=False)
note_on n=4 v=78                 -> ButtonEvent(note=4, category='select_red', subid=14, pressed=True)
note_on n=4 v=14                 -> ButtonEvent(note=4, category='select_red', subid=14, pressed=False)
note_on n=5 v=78                 -> FaderTouchEvent(fader=6, touched=True)
note_on n=5 v=14                 -> FaderTouchEvent(fader=6, touched=False)
note_on n=12 v=78                -> ButtonEvent(note=12, category='note_12', subid=14, pressed=True)
note_on n=12 v=14                -> ButtonEvent(note=12, category='note_12', subid=14, pressed=False)

=== 112 messages ===
